Processing ttgo_tbeam (board: ttgo-t-beam; platform: espressif32@^6.13.0; framework: arduino)
--------------------------------------------------------------------------------
